Archive member included because of file (symbol)

c:/program files (x86)/atmel/atmel toolchain/arm gcc/native/4.8.1437/arm-gnu-toolchain/bin/../lib/gcc/arm-none-eabi/4.8.4/../../../../arm-none-eabi/lib/armv7e-m\libc.a(lib_a-exit.o)
                              c:/program files (x86)/atmel/atmel toolchain/arm gcc/native/4.8.1437/arm-gnu-toolchain/bin/../lib/gcc/arm-none-eabi/4.8.4/../../../../arm-none-eabi/lib/armv7e-m/crt0.o (exit)
c:/program files (x86)/atmel/atmel toolchain/arm gcc/native/4.8.1437/arm-gnu-toolchain/bin/../lib/gcc/arm-none-eabi/4.8.4/../../../../arm-none-eabi/lib/armv7e-m\libc.a(lib_a-impure.o)
                              c:/program files (x86)/atmel/atmel toolchain/arm gcc/native/4.8.1437/arm-gnu-toolchain/bin/../lib/gcc/arm-none-eabi/4.8.4/../../../../arm-none-eabi/lib/armv7e-m\libc.a(lib_a-exit.o) (_global_impure_ptr)
c:/program files (x86)/atmel/atmel toolchain/arm gcc/native/4.8.1437/arm-gnu-toolchain/bin/../lib/gcc/arm-none-eabi/4.8.4/../../../../arm-none-eabi/lib/armv7e-m\libc.a(lib_a-init.o)
                              c:/program files (x86)/atmel/atmel toolchain/arm gcc/native/4.8.1437/arm-gnu-toolchain/bin/../lib/gcc/arm-none-eabi/4.8.4/../../../../arm-none-eabi/lib/armv7e-m/crt0.o (__libc_init_array)
c:/program files (x86)/atmel/atmel toolchain/arm gcc/native/4.8.1437/arm-gnu-toolchain/bin/../lib/gcc/arm-none-eabi/4.8.4/../../../../arm-none-eabi/lib/armv7e-m\libc.a(lib_a-memcmp.o)
                              sam4e_base/FreeRTOS/Source/tasks.o (memcmp)
c:/program files (x86)/atmel/atmel toolchain/arm gcc/native/4.8.1437/arm-gnu-toolchain/bin/../lib/gcc/arm-none-eabi/4.8.4/../../../../arm-none-eabi/lib/armv7e-m\libc.a(lib_a-memcpy.o)
                              sam4e_base/FreeRTOS/Source/queue.o (memcpy)
c:/program files (x86)/atmel/atmel toolchain/arm gcc/native/4.8.1437/arm-gnu-toolchain/bin/../lib/gcc/arm-none-eabi/4.8.4/../../../../arm-none-eabi/lib/armv7e-m\libc.a(lib_a-memset.o)
                              c:/program files (x86)/atmel/atmel toolchain/arm gcc/native/4.8.1437/arm-gnu-toolchain/bin/../lib/gcc/arm-none-eabi/4.8.4/../../../../arm-none-eabi/lib/armv7e-m/crt0.o (memset)
c:/program files (x86)/atmel/atmel toolchain/arm gcc/native/4.8.1437/arm-gnu-toolchain/bin/../lib/gcc/arm-none-eabi/4.8.4/../../../../arm-none-eabi/lib/armv7e-m\libc.a(lib_a-sprintf.o)
                              sam4e_base/FreeRTOS/Source/tasks.o (sprintf)
c:/program files (x86)/atmel/atmel toolchain/arm gcc/native/4.8.1437/arm-gnu-toolchain/bin/../lib/gcc/arm-none-eabi/4.8.4/../../../../arm-none-eabi/lib/armv7e-m\libc.a(lib_a-strcpy.o)
                              sam4e_base/FreeRTOS/Source/tasks.o (strcpy)
c:/program files (x86)/atmel/atmel toolchain/arm gcc/native/4.8.1437/arm-gnu-toolchain/bin/../lib/gcc/arm-none-eabi/4.8.4/../../../../arm-none-eabi/lib/armv7e-m\libc.a(lib_a-strlen.o)
                              sam4e_base/FreeRTOS/Source/tasks.o (strlen)
c:/program files (x86)/atmel/atmel toolchain/arm gcc/native/4.8.1437/arm-gnu-toolchain/bin/../lib/gcc/arm-none-eabi/4.8.4/../../../../arm-none-eabi/lib/armv7e-m\libc.a(lib_a-svfprintf.o)
                              c:/program files (x86)/atmel/atmel toolchain/arm gcc/native/4.8.1437/arm-gnu-toolchain/bin/../lib/gcc/arm-none-eabi/4.8.4/../../../../arm-none-eabi/lib/armv7e-m\libc.a(lib_a-sprintf.o) (_svfprintf_r)
c:/program files (x86)/atmel/atmel toolchain/arm gcc/native/4.8.1437/arm-gnu-toolchain/bin/../lib/gcc/arm-none-eabi/4.8.4/../../../../arm-none-eabi/lib/armv7e-m\libc.a(lib_a-__call_atexit.o)
                              c:/program files (x86)/atmel/atmel toolchain/arm gcc/native/4.8.1437/arm-gnu-toolchain/bin/../lib/gcc/arm-none-eabi/4.8.4/../../../../arm-none-eabi/lib/armv7e-m\libc.a(lib_a-exit.o) (__call_exitprocs)
c:/program files (x86)/atmel/atmel toolchain/arm gcc/native/4.8.1437/arm-gnu-toolchain/bin/../lib/gcc/arm-none-eabi/4.8.4/../../../../arm-none-eabi/lib/armv7e-m\libc.a(lib_a-atexit.o)
                              c:/program files (x86)/atmel/atmel toolchain/arm gcc/native/4.8.1437/arm-gnu-toolchain/bin/../lib/gcc/arm-none-eabi/4.8.4/../../../../arm-none-eabi/lib/armv7e-m\libc.a(lib_a-__call_atexit.o) (atexit)
c:/program files (x86)/atmel/atmel toolchain/arm gcc/native/4.8.1437/arm-gnu-toolchain/bin/../lib/gcc/arm-none-eabi/4.8.4/../../../../arm-none-eabi/lib/armv7e-m\libc.a(lib_a-dtoa.o)
                              c:/program files (x86)/atmel/atmel toolchain/arm gcc/native/4.8.1437/arm-gnu-toolchain/bin/../lib/gcc/arm-none-eabi/4.8.4/../../../../arm-none-eabi/lib/armv7e-m\libc.a(lib_a-svfprintf.o) (_dtoa_r)
c:/program files (x86)/atmel/atmel toolchain/arm gcc/native/4.8.1437/arm-gnu-toolchain/bin/../lib/gcc/arm-none-eabi/4.8.4/../../../../arm-none-eabi/lib/armv7e-m\libc.a(lib_a-fini.o)
[...]
Memory Configuration

Name             Origin             Length             Attributes
rom              0x00400000         0x00100000         xr
ram              0x20000000         0x00020000         xrw
*default*        0x00000000         0xffffffff

Linker script and memory map

LOAD c:/program files (x86)/atmel/atmel toolchain/arm gcc/native/4.8.1437/arm-gnu-toolchain/bin/../lib/gcc/arm-none-eabi/4.8.4/armv7e-m/crti.o
LOAD c:/program files (x86)/atmel/atmel toolchain/arm gcc/native/4.8.1437/arm-gnu-toolchain/bin/../lib/gcc/arm-none-eabi/4.8.4/armv7e-m/crtbegin.o
LOAD c:/program files (x86)/atmel/atmel toolchain/arm gcc/native/4.8.1437/arm-gnu-toolchain/bin/../lib/gcc/arm-none-eabi/4.8.4/../../../../arm-none-eabi/lib/armv7e-m/crt0.o
LOAD cmsis/src/startup_sam4e.o
LOAD cmsis/src/system_sam4e.o
LOAD output_led.o
LOAD sam4e-base.o
LOAD sam4e_base/FreeRTOS/RunTimeStatsTimer.o
LOAD sam4e_base/FreeRTOS/Source/croutine.o
LOAD sam4e_base/FreeRTOS/Source/event_groups.o
LOAD sam4e_base/FreeRTOS/Source/list.o
LOAD sam4e_base/FreeRTOS/Source/portable/GCC/ARM_CM4F/port.o
LOAD sam4e_base/FreeRTOS/Source/portable/MemMang/heap_4.o
LOAD sam4e_base/FreeRTOS/Source/queue.o
LOAD sam4e_base/FreeRTOS/Source/tasks.o
LOAD sam4e_base/FreeRTOS/Source/timers.o
LOAD sam4e_base/RevolveDrivers/can.o
LOAD sam4e_base/RevolveDrivers/eefc.o
LOAD sam4e_base/RevolveDrivers/pio.o
LOAD sam4e_base/RevolveDrivers/pmc.o
LOAD sam4e_base/RevolveDrivers/spi.o
LOAD sam4e_base/RevolveDrivers/xpro-board.o
START GROUP
LOAD c:/program files (x86)/atmel/atmel toolchain/arm gcc/native/4.8.1437/arm-gnu-toolchain/bin/../lib/gcc/arm-none-eabi/4.8.4/../../../../arm-none-eabi/lib/armv7e-m\libm.a
END GROUP
START GROUP
LOAD c:/program files (x86)/atmel/atmel toolchain/arm gcc/native/4.8.1437/arm-gnu-toolchain/bin/../lib/gcc/arm-none-eabi/4.8.4/armv7e-m\libgcc.a
LOAD c:/program files (x86)/atmel/atmel toolchain/arm gcc/native/4.8.1437/arm-gnu-toolchain/bin/../lib/gcc/arm-none-eabi/4.8.4/../../../../arm-none-eabi/lib/armv7e-m\libc.a
END GROUP
LOAD c:/program files (x86)/atmel/atmel toolchain/arm gcc/native/4.8.1437/arm-gnu-toolchain/bin/../lib/gcc/arm-none-eabi/4.8.4/armv7e-m/crtend.o
LOAD c:/program files (x86)/atmel/atmel toolchain/arm gcc/native/4.8.1437/arm-gnu-toolchain/bin/../lib/gcc/arm-none-eabi/4.8.4/armv7e-m/crtn.o
                0x00000400                STACK_SIZE = DEFINED (STACK_SIZE)?STACK_SIZE:0x400
                0x00000200                HEAP_SIZE = DEFINED (HEAP_SIZE)?HEAP_SIZE:0x200

.text           0x00400000     0x4750
                0x00400000                . = ALIGN (0x4)
                0x00400000                _sfixed = .
 *(.vectors .vectors.*)
 .vectors       0x00400000       0xf8 cmsis/src/startup_sam4e.o
                0x00400000                exception_table
 *(.text .text.* .gnu.linkonce.t.*)
 .text          0x004000f8       0x54 c:/program files (x86)/atmel/atmel toolchain/arm gcc/native/4.8.1437/arm-gnu-toolchain/bin/../lib/gcc/arm-none-eabi/4.8.4/armv7e-m/crtbegin.o
 .text.Reset_Handler
                0x0040014c       0x84 cmsis/src/startup_sam4e.o
                0x0040014c                Reset_Handler
 .text.Dummy_Handler
                0x004001d0        0x8 cmsis/src/startup_sam4e.o
                0x004001d0                DACC_Handler
                0x004001d0                DebugMon_Handler
                0x004001d0                DMAC_Handler
                0x004001d0                HardFault_Handler
                0x004001d0                TC2_Handler
                0x004001d0                TWI1_Handler
                0x004001d0                AFEC1_Handler
                0x004001d0                NMI_Handler
                0x004001d0                TC7_Handler
                0x004001d0                USART0_Handler
                0x004001d0                RTT_Handler
                0x004001d0                RTC_Handler
                0x004001d0                UsageFault_Handler
                0x004001d0                TC6_Handler
                0x004001d0                WDT_Handler
                0x004001d0                CAN0_Handler
                0x004001d0                TC4_Handler
                0x004001d0                TC1_Handler
                0x004001d0                HSMCI_Handler
                0x004001d0                UART1_Handler
                0x004001d0                TC3_Handler
                0x004001d0                ARM_Handler
                0x004001d0                Dummy_Handler
                0x004001d0                TWI0_Handler
                0x004001d0                USART1_Handler
                0x004001d0                AFEC0_Handler
                0x004001d0                ACC_Handler
                0x004001d0                PMC_Handler
                0x004001d0                PWM_Handler
                0x004001d0                GMAC_Handler
                0x004001d0                CAN1_Handler
                0x004001d0                MemManage_Handler
                0x004001d0                SUPC_Handler
                0x004001d0                TC8_Handler
                0x004001d0                EFC_Handler
                0x004001d0                UART0_Handler
                0x004001d0                UDP_Handler
                0x004001d0                BusFault_Handler
                0x004001d0                RSTC_Handler
                0x004001d0                TC0_Handler
                0x004001d0                TC5_Handler
                0x004001d0                AES_Handler
 .text.led_init
                0x004001d8       0x38 output_led.o
                0x004001d8                led_init
 .text.led_toggle
                0x00400210       0x48 output_led.o
                0x00400210                led_toggle
 .text.queue_init
                0x00400258       0x34 sam4e-base.o
                0x00400258                queue_init
 .text.blinkIamAliveTask
                0x0040028c       0x38 sam4e-base.o
 .text.CAN_CAR_sendTask
                0x004002c4       0x74 sam4e-base.o
 .text.canTestTask
                0x00400338       0x64 sam4e-base.o
 .text.main     0x0040039c      0x114 sam4e-base.o
                0x0040039c                main
 .text.vApplicationStackOverflowHook
                0x004004b0       0x20 sam4e-base.o
                0x004004b0                vApplicationStackOverflowHook
 .text.vAssertCalled
                0x004004d0       0x38 sam4e-base.o
                0x004004d0                vAssertCalled
 .text.vConfigureTimerForRunTimeStats
                0x00400508       0x38 sam4e_base/FreeRTOS/RunTimeStatsTimer.o
                0x00400508                vConfigureTimerForRunTimeStats
 .text.ulGetRunTimeCounterValue
                0x00400540       0x78 sam4e_base/FreeRTOS/RunTimeStatsTimer.o
                0x00400540                ulGetRunTimeCounterValue
 .text.vListInitialise
                0x004005b8       0x40 sam4e_base/FreeRTOS/Source/list.o
                0x004005b8                vListInitialise
 .text.vListInitialiseItem
                0x004005f8       0x18 sam4e_base/FreeRTOS/Source/list.o
                0x004005f8                vListInitialiseItem
 .text.vListInsertEnd
                0x00400610       0x48 sam4e_base/FreeRTOS/Source/list.o
                0x00400610                vListInsertEnd
 .text.vListInsert
                0x00400658       0x70 sam4e_base/FreeRTOS/Source/list.o
                0x00400658                vListInsert
 .text.uxListRemove
                0x004006c8       0x54 sam4e_base/FreeRTOS/Source/list.o
                0x004006c8                uxListRemove
 .text.pxPortInitialiseStack
                0x0040071c       0x64 sam4e_base/FreeRTOS/Source/portable/GCC/ARM_CM4F/port.o
                0x0040071c                pxPortInitialiseStack
 .text.prvTaskExitError
                0x00400780       0x3c sam4e_base/FreeRTOS/Source/portable/GCC/ARM_CM4F/port.o
 .text.SVC_Handler
                0x004007bc       0x20 sam4e_base/FreeRTOS/Source/portable/GCC/ARM_CM4F/port.o
                0x004007bc                SVC_Handler
 .text.prvPortStartFirstTask
                0x004007dc       0x20 sam4e_base/FreeRTOS/Source/portable/GCC/ARM_CM4F/port.o
 .text.xPortStartScheduler
                0x004007fc       0xe0 sam4e_base/FreeRTOS/Source/portable/GCC/ARM_CM4F/port.o
                0x004007fc                xPortStartScheduler
 .text.vPortEnterCritical
                0x004008dc       0x54 sam4e_base/FreeRTOS/Source/portable/GCC/ARM_CM4F/port.o
                0x004008dc                vPortEnterCritical
 .text.vPortExitCritical
                0x00400930       0x48 sam4e_base/FreeRTOS/Source/portable/GCC/ARM_CM4F/port.o
                0x00400930                vPortExitCritical
 .text.PendSV_Handler
                0x00400978       0x60 sam4e_base/FreeRTOS/Source/portable/GCC/ARM_CM4F/port.o
                0x00400978                PendSV_Handler
 .text.SysTick_Handler
                0x004009d8       0x48 sam4e_base/FreeRTOS/Source/portable/GCC/ARM_CM4F/port.o
                0x004009d8                SysTick_Handler
 .text.vPortSuppressTicksAndSleep
                0x00400a20      0x188 sam4e_base/FreeRTOS/Source/portable/GCC/ARM_CM4F/port.o
                0x00400a20                vPortSuppressTicksAndSleep
 .text.vPortSetupTimerInterrupt
                0x00400ba8       0x78 sam4e_base/FreeRTOS/Source/portable/GCC/ARM_CM4F/port.o
                0x00400ba8                vPortSetupTimerInterrupt
 .text.vPortEnableVFP
                0x00400c20       0x14 sam4e_base/FreeRTOS/Source/portable/GCC/ARM_CM4F/port.o
 .text.vPortValidateInterruptPriority
                0x00400c34       0x68 sam4e_base/FreeRTOS/Source/portable/GCC/ARM_CM4F/port.o
                0x00400c34                vPortValidateInterruptPriority
 .text.pvPortMalloc
                0x00400c9c      0x178 sam4e_base/FreeRTOS/Source/portable/MemMang/heap_4.o
                0x00400c9c                pvPortMalloc
 .text.vPortFree
                0x00400e14       0xb0 sam4e_base/FreeRTOS/Source/portable/MemMang/heap_4.o
                0x00400e14                vPortFree
 .text.prvHeapInit
                0x00400ec4       0xc4 sam4e_base/FreeRTOS/Source/portable/MemMang/heap_4.o
 .text.prvInsertBlockIntoFreeList
                0x00400f88       0xb0 sam4e_base/FreeRTOS/Source/portable/MemMang/heap_4.o
 .text.xQueueGenericReset
                0x00401038       0xdc sam4e_base/FreeRTOS/Source/queue.o
                0x00401038                xQueueGenericReset
 .text.xQueueGenericCreate
                0x00401114       0xb8 sam4e_base/FreeRTOS/Source/queue.o
                0x00401114                xQueueGenericCreate
 .text.xQueueGenericSend
                0x004011cc      0x228 sam4e_base/FreeRTOS/Source/queue.o
                0x004011cc                xQueueGenericSend
 .text.xQueueGenericSendFromISR
                0x004013f4      0x138 sam4e_base/FreeRTOS/Source/queue.o
                0x004013f4                xQueueGenericSendFromISR
 .text.xQueueGiveFromISR
                0x0040152c       0xf8 sam4e_base/FreeRTOS/Source/queue.o
                0x0040152c                xQueueGiveFromISR
 .text.xQueueGenericReceive
                0x00401624      0x230 sam4e_base/FreeRTOS/Source/queue.o
                0x00401624                xQueueGenericReceive
 .text.prvCopyDataToQueue
                0x00401854       0xe4 sam4e_base/FreeRTOS/Source/queue.o
 .text.prvCopyDataFromQueue
                0x00401938       0x50 sam4e_base/FreeRTOS/Source/queue.o
 .text.prvUnlockQueue
                0x00401988       0xc8 sam4e_base/FreeRTOS/Source/queue.o
 .text.prvIsQueueEmpty
                0x00401a50       0x34 sam4e_base/FreeRTOS/Source/queue.o
 .text.prvIsQueueFull
                0x00401a84       0x38 sam4e_base/FreeRTOS/Source/queue.o
 .text.vQueueAddToRegistry
                0x00401abc       0x50 sam4e_base/FreeRTOS/Source/queue.o
                0x00401abc                vQueueAddToRegistry
 .text.vQueueWaitForMessageRestricted
                0x00401b0c       0x68 sam4e_base/FreeRTOS/Source/queue.o
                0x00401b0c                vQueueWaitForMessageRestricted
 .text.prvNotifyQueueSetContainer
                0x00401b74       0x8c sam4e_base/FreeRTOS/Source/queue.o
 .text.xTaskGenericCreate
                0x00401c00      0x1a4 sam4e_base/FreeRTOS/Source/tasks.o
                0x00401c00                xTaskGenericCreate
 .text.vTaskDelayUntil
                0x00401da4      0x118 sam4e_base/FreeRTOS/Source/tasks.o
                0x00401da4                vTaskDelayUntil
 .text.vTaskStartScheduler
                0x00401ebc       0x9c sam4e_base/FreeRTOS/Source/tasks.o
                0x00401ebc                vTaskStartScheduler
 .text.vTaskSuspendAll
                0x00401f58       0x1c sam4e_base/FreeRTOS/Source/tasks.o
                0x00401f58                vTaskSuspendAll
 .text.prvGetExpectedIdleTime
                0x00401f74       0x50 sam4e_base/FreeRTOS/Source/tasks.o
 .text.xTaskResumeAll
                0x00401fc4      0x138 sam4e_base/FreeRTOS/Source/tasks.o
                0x00401fc4                xTaskResumeAll
 .text.xTaskGetTickCount
                0x004020fc       0x20 sam4e_base/FreeRTOS/Source/tasks.o
                0x004020fc                xTaskGetTickCount
 .text.vTaskStepTick
                0x0040211c       0x44 sam4e_base/FreeRTOS/Source/tasks.o
                0x0040211c                vTaskStepTick
 .text.xTaskIncrementTick
                0x00402160      0x184 sam4e_base/FreeRTOS/Source/tasks.o
                0x00402160                xTaskIncrementTick
 .text.vTaskSwitchContext
                0x004022e4      0x140 sam4e_base/FreeRTOS/Source/tasks.o
                0x004022e4                vTaskSwitchContext
 .text.vTaskPlaceOnEventList
                0x00402424       0xa8 sam4e_base/FreeRTOS/Source/tasks.o
                0x00402424                vTaskPlaceOnEventList
 .text.vTaskPlaceOnEventListRestricted
                0x004024cc       0x88 sam4e_base/FreeRTOS/Source/tasks.o
                0x004024cc                vTaskPlaceOnEventListRestricted
 .text.xTaskRemoveFromEventList
                0x00402554       0xd0 sam4e_base/FreeRTOS/Source/tasks.o
                0x00402554                xTaskRemoveFromEventList
 .text.vTaskSetTimeOutState
                0x00402624       0x40 sam4e_base/FreeRTOS/Source/tasks.o
                0x00402624                vTaskSetTimeOutState
 .text.xTaskCheckForTimeOut
                0x00402664       0xbc sam4e_base/FreeRTOS/Source/tasks.o
                0x00402664                xTaskCheckForTimeOut
 .text.vTaskMissedYield
                0x00402720       0x18 sam4e_base/FreeRTOS/Source/tasks.o
                0x00402720                vTaskMissedYield
 .text.prvIdleTask
                0x00402738       0x90 sam4e_base/FreeRTOS/Source/tasks.o
 .text.eTaskConfirmSleepModeStatus
                0x004027c8       0x3c sam4e_base/FreeRTOS/Source/tasks.o
                0x004027c8                eTaskConfirmSleepModeStatus
 .text.prvInitialiseTCBVariables
                0x00402804       0xac sam4e_base/FreeRTOS/Source/tasks.o
 .text.prvInitialiseTaskLists
                0x004028b0       0x80 sam4e_base/FreeRTOS/Source/tasks.o
 .text.prvCheckTasksWaitingTermination
                0x00402930       0x8c sam4e_base/FreeRTOS/Source/tasks.o
 .text.prvAddCurrentTaskToDelayedList
                0x004029bc       0x70 sam4e_base/FreeRTOS/Source/tasks.o
 .text.prvAllocateTCBAndStack
                0x00402a2c       0x7c sam4e_base/FreeRTOS/Source/tasks.o
 .text.prvDeleteTCB
                0x00402aa8       0x24 sam4e_base/FreeRTOS/Source/tasks.o
 .text.prvResetNextTaskUnblockTime
                0x00402acc       0x48 sam4e_base/FreeRTOS/Source/tasks.o
 .text.xTaskGetSchedulerState
                0x00402b14       0x3c sam4e_base/FreeRTOS/Source/tasks.o
                0x00402b14                xTaskGetSchedulerState
 .text.vTaskPriorityInherit
                0x00402b50       0xf4 sam4e_base/FreeRTOS/Source/tasks.o
                0x00402b50                vTaskPriorityInherit
 .text.xTaskPriorityDisinherit
                0x00402c44       0xec sam4e_base/FreeRTOS/Source/tasks.o
                0x00402c44                xTaskPriorityDisinherit
 .text.pvTaskIncrementMutexHeldCount
                0x00402d30       0x28 sam4e_base/FreeRTOS/Source/tasks.o
                0x00402d30                pvTaskIncrementMutexHeldCount
 .text.xTimerCreateTimerTask
                0x00402d58       0x6c sam4e_base/FreeRTOS/Source/timers.o
                0x00402d58                xTimerCreateTimerTask
 .text.xTimerGenericCommand
                0x00402dc4       0x98 sam4e_base/FreeRTOS/Source/timers.o
                0x00402dc4                xTimerGenericCommand
 .text.prvProcessExpiredTimer
                0x00402e5c       0x88 sam4e_base/FreeRTOS/Source/timers.o
 .text.prvTimerTask
                0x00402ee4       0x30 sam4e_base/FreeRTOS/Source/timers.o
 .text.prvProcessTimerOrBlockTask
                0x00402f14       0x90 sam4e_base/FreeRTOS/Source/timers.o
 .text.prvGetNextExpireTime
                0x00402fa4       0x48 sam4e_base/FreeRTOS/Source/timers.o
 .text.prvSampleTimeNow
                0x00402fec       0x48 sam4e_base/FreeRTOS/Source/timers.o
 .text.prvInsertTimerInActiveList
                0x00403034       0x88 sam4e_base/FreeRTOS/Source/timers.o
 .text.prvProcessReceivedCommands
                0x004030bc      0x16c sam4e_base/FreeRTOS/Source/timers.o
 .text.prvSwitchTimerLists
                0x00403228       0xc8 sam4e_base/FreeRTOS/Source/timers.o
 .text.prvCheckForValidListAndQueue
                0x004032f0       0x98 sam4e_base/FreeRTOS/Source/timers.o
 .text.can_writeProtectionEnable
                0x00403388       0x20 sam4e_base/RevolveDrivers/can.o
                0x00403388                can_writeProtectionEnable
 .text.can_writeProtectionDisable
                0x004033a8       0x20 sam4e_base/RevolveDrivers/can.o
                0x004033a8                can_writeProtectionDisable
 .text.can_enable
                0x004033c8       0x30 sam4e_base/RevolveDrivers/can.o
                0x004033c8                can_enable
 .text.can_disable
                0x004033f8       0x30 sam4e_base/RevolveDrivers/can.o
                0x004033f8                can_disable
 .text.can_setBaudrate
                0x00403428      0x164 sam4e_base/RevolveDrivers/can.o
 .text.can_setPeripheralMux
                0x0040358c       0x5c sam4e_base/RevolveDrivers/can.o
                0x0040358c                can_setPeripheralMux
 .text.can_enablePMC
                0x004035e8       0x4c sam4e_base/RevolveDrivers/can.o
                0x004035e8                can_enablePMC
 .text.can_setupTXMailbox
                0x00403634       0x6c sam4e_base/RevolveDrivers/can.o
                0x00403634                can_setupTXMailbox
 .text.can_disableMailbox
                0x004036a0       0x84 sam4e_base/RevolveDrivers/can.o
                0x004036a0                can_disableMailbox
 .text.can_init
                0x00403724       0xa4 sam4e_base/RevolveDrivers/can.o
                0x00403724                can_init
 .text.can_sendMessage
                0x004037c8       0x84 sam4e_base/RevolveDrivers/can.o
                0x004037c8                can_sendMessage
 .text.init_flash
                0x0040384c       0x1c sam4e_base/RevolveDrivers/eefc.o
                0x0040384c                init_flash
 .text.NVIC_EnableIRQ
                0x00403868       0x30 sam4e_base/RevolveDrivers/pio.o
 .text.pio_init
                0x00403898       0x4c sam4e_base/RevolveDrivers/pio.o
                0x00403898                pio_init
 .text.pio_enableOutput
                0x004038e4       0x34 sam4e_base/RevolveDrivers/pio.o
                0x004038e4                pio_enableOutput
 .text.pio_setOutput
                0x00403918       0x48 sam4e_base/RevolveDrivers/pio.o
                0x00403918                pio_setOutput
 .text.pio_setMux
                0x00403960      0x134 sam4e_base/RevolveDrivers/pio.o
                0x00403960                pio_setMux
 .text.pio_readPin
                0x00403a94       0x30 sam4e_base/RevolveDrivers/pio.o
                0x00403a94                pio_readPin
 .text.pio_enableWriteProtection
                0x00403ac4       0x20 sam4e_base/RevolveDrivers/pio.o
 .text.pio_disableWriteProtection
                0x00403ae4       0x20 sam4e_base/RevolveDrivers/pio.o
 .text.PIOA_Handler
                0x00403b04       0x50 sam4e_base/RevolveDrivers/pio.o
                0x00403b04                PIOA_Handler
 .text.PIOB_Handler
                0x00403b54       0x50 sam4e_base/RevolveDrivers/pio.o
                0x00403b54                PIOB_Handler
 .text.PIOC_Handler
                0x00403ba4       0x50 sam4e_base/RevolveDrivers/pio.o
                0x00403ba4                PIOC_Handler
 .text.PIOD_Handler
                0x00403bf4       0x50 sam4e_base/RevolveDrivers/pio.o
                0x00403bf4                PIOD_Handler
 .text.PIOE_Handler
                0x00403c44       0x50 sam4e_base/RevolveDrivers/pio.o
                0x00403c44                PIOE_Handler
 .text.pmc_enable_writeprotect
                0x00403c94       0x1c sam4e_base/RevolveDrivers/pmc.o
                0x00403c94                pmc_enable_writeprotect
 .text.pmc_disable_writeprotect
                0x00403cb0       0x1c sam4e_base/RevolveDrivers/pmc.o
                0x00403cb0                pmc_disable_writeprotect
 .text.pmc_mck_set_prescaler
                0x00403ccc       0x34 sam4e_base/RevolveDrivers/pmc.o
                0x00403ccc                pmc_mck_set_prescaler
 .text.pmc_mck_set_source
                0x00403d00       0x34 sam4e_base/RevolveDrivers/pmc.o
                0x00403d00                pmc_mck_set_source
 .text.pmc_switch_mainck_to_fastrc
                0x00403d34       0x24 sam4e_base/RevolveDrivers/pmc.o
                0x00403d34                pmc_switch_mainck_to_fastrc
 .text.pmc_enable_fastrc
                0x00403d58       0x30 sam4e_base/RevolveDrivers/pmc.o
                0x00403d58                pmc_enable_fastrc
 .text.pmc_set_fastrc_frequency
                0x00403d88       0x3c sam4e_base/RevolveDrivers/pmc.o
                0x00403d88                pmc_set_fastrc_frequency
 .text.pmc_disable_fastrc
                0x00403dc4       0x24 sam4e_base/RevolveDrivers/pmc.o
                0x00403dc4                pmc_disable_fastrc
 .text.pmc_xtal_ready
                0x00403de8       0x1c sam4e_base/RevolveDrivers/pmc.o
                0x00403de8                pmc_xtal_ready
 .text.pmc_enable_main_xtal
                0x00403e04       0x4c sam4e_base/RevolveDrivers/pmc.o
                0x00403e04                pmc_enable_main_xtal
 .text.pmc_switch_mainck_to_xtal
                0x00403e50       0x2c sam4e_base/RevolveDrivers/pmc.o
                0x00403e50                pmc_switch_mainck_to_xtal
 .text.pmc_disable_pllack
                0x00403e7c       0x18 sam4e_base/RevolveDrivers/pmc.o
                0x00403e7c                pmc_disable_pllack
 .text.pmc_plla_is_locked
                0x00403e94       0x1c sam4e_base/RevolveDrivers/pmc.o
                0x00403e94                pmc_plla_is_locked
 .text.pmc_enable_pllack
                0x00403eb0       0x60 sam4e_base/RevolveDrivers/pmc.o
                0x00403eb0                pmc_enable_pllack
 .text.pmc_select_main_clock
                0x00403f10       0xe0 sam4e_base/RevolveDrivers/pmc.o
                0x00403f10                pmc_select_main_clock
 .text.pmc_select_master_clock
                0x00403ff0       0x44 sam4e_base/RevolveDrivers/pmc.o
                0x00403ff0                pmc_select_master_clock
 .text.pmc_enable_periph_clk
                0x00404034       0x90 sam4e_base/RevolveDrivers/pmc.o
                0x00404034                pmc_enable_periph_clk
 .text.pmc_init
                0x004040c4       0x58 sam4e_base/RevolveDrivers/pmc.o
                0x004040c4                pmc_init
 .text.SPI_Handler
                0x0040411c       0x64 sam4e_base/RevolveDrivers/spi.o
                0x0040411c                SPI_Handler
 .text.__libc_init_array
                0x00404180       0x50 c:/program files (x86)/atmel/atmel toolchain/arm gcc/native/4.8.1437/arm-gnu-toolchain/bin/../lib/gcc/arm-none-eabi/4.8.4/../../../../arm-none-eabi/lib/armv7e-m\libc.a(lib_a-init.o)
                0x00404180                __libc_init_array
 .text.memcmp   0x004041d0       0x68 c:/program files (x86)/atmel/atmel toolchain/arm gcc/native/4.8.1437/arm-gnu-toolchain/bin/../lib/gcc/arm-none-eabi/4.8.4/../../../../arm-none-eabi/lib/armv7e-m\libc.a(lib_a-memcmp.o)
                0x004041d0                memcmp
 .text          0x00404238      0x134 c:/program files (x86)/atmel/atmel toolchain/arm gcc/native/4.8.1437/arm-gnu-toolchain/bin/../lib/gcc/arm-none-eabi/4.8.4/../../../../arm-none-eabi/lib/armv7e-m\libc.a(lib_a-memcpy.o)
                0x00404238                memcpy
 .text.memset   0x0040436c       0x94 c:/program files (x86)/atmel/atmel toolchain/arm gcc/native/4.8.1437/arm-gnu-toolchain/bin/../lib/gcc/arm-none-eabi/4.8.4/../../../../arm-none-eabi/lib/armv7e-m\libc.a(lib_a-memset.o)
                0x0040436c                memset
 .text.startup.register_fini
                0x00404400       0x14 c:/program files (x86)/atmel/atmel toolchain/arm gcc/native/4.8.1437/arm-gnu-toolchain/bin/../lib/gcc/arm-none-eabi/4.8.4/../../../../arm-none-eabi/lib/armv7e-m\libc.a(lib_a-__call_atexit.o)
 .text.atexit   0x00404414        0xc c:/program files (x86)/atmel/atmel toolchain/arm gcc/native/4.8.1437/arm-gnu-toolchain/bin/../lib/gcc/arm-none-eabi/4.8.4/../../../../arm-none-eabi/lib/armv7e-m\libc.a(lib_a-atexit.o)
                0x00404414                atexit
 .text.__libc_fini_array
                0x00404420       0x30 c:/program files (x86)/atmel/atmel toolchain/arm gcc/native/4.8.1437/arm-gnu-toolchain/bin/../lib/gcc/arm-none-eabi/4.8.4/../../../../arm-none-eabi/lib/armv7e-m\libc.a(lib_a-fini.o)
                0x00404420                __libc_fini_array
 .text.__register_exitproc
                0x00404450       0xa8 c:/program files (x86)/atmel/atmel toolchain/arm gcc/native/4.8.1437/arm-gnu-toolchain/bin/../lib/gcc/arm-none-eabi/4.8.4/../../../../arm-none-eabi/lib/armv7e-m\libc.a(lib_a-__atexit.o)
                0x00404450                __register_exitproc
 *(.glue_7t)
 .glue_7t       0x00000000        0x0 linker stubs
 *(.glue_7)
 .glue_7        0x00000000        0x0 linker stubs
 *(.rodata .rodata* .gnu.linkonce.r.*)
 .rodata        0x004044f8       0x78 sam4e-base.o
 .rodata        0x00404570       0x40 sam4e_base/FreeRTOS/Source/portable/GCC/ARM_CM4F/port.o
 .rodata        0x004045b0       0x3c sam4e_base/FreeRTOS/Source/portable/MemMang/heap_4.o
 .rodata        0x004045ec       0x28 sam4e_base/FreeRTOS/Source/queue.o
 .rodata        0x00404614       0x6c sam4e_base/FreeRTOS/Source/tasks.o
 .rodata        0x00404680       0x38 sam4e_base/FreeRTOS/Source/timers.o
 .rodata        0x004046b8       0x6c sam4e_base/RevolveDrivers/can.o
                0x004046b8                can_bit_time
 .rodata.str1.4
                0x00404724        0x4 c:/program files (x86)/atmel/atmel toolchain/arm gcc/native/4.8.1437/arm-gnu-toolchain/bin/../lib/gcc/arm-none-eabi/4.8.4/../../../../arm-none-eabi/lib/armv7e-m\libc.a(lib_a-impure.o)
 .rodata._global_impure_ptr
                0x00404728        0x4 c:/program files (x86)/atmel/atmel toolchain/arm gcc/native/4.8.1437/arm-gnu-toolchain/bin/../lib/gcc/arm-none-eabi/4.8.4/../../../../arm-none-eabi/lib/armv7e-m\libc.a(lib_a-impure.o)
                0x00404728                _global_impure_ptr
 *(.ARM.extab* .gnu.linkonce.armextab.*)
                0x0040472c                . = ALIGN (0x4)
 *(.init)
 .init          0x0040472c        0x4 c:/program files (x86)/atmel/atmel toolchain/arm gcc/native/4.8.1437/arm-gnu-toolchain/bin/../lib/gcc/arm-none-eabi/4.8.4/armv7e-m/crti.o
                0x0040472c                _init
 .init          0x00404730        0x8 c:/program files (x86)/atmel/atmel toolchain/arm gcc/native/4.8.1437/arm-gnu-toolchain/bin/../lib/gcc/arm-none-eabi/4.8.4/armv7e-m/crtn.o
                0x00404738                . = ALIGN (0x4)
                0x00404738                __preinit_array_start = .
 *(.preinit_array)
                0x00404738                __preinit_array_end = .
                0x00404738                . = ALIGN (0x4)
                0x00404738                __init_array_start = .
 *(SORT(.init_array.*))
 .init_array.00000
                0x00404738        0x4 c:/program files (x86)/atmel/atmel toolchain/arm gcc/native/4.8.1437/arm-gnu-toolchain/bin/../lib/gcc/arm-none-eabi/4.8.4/../../../../arm-none-eabi/lib/armv7e-m\libc.a(lib_a-__call_atexit.o)
 *(.init_array)
 .init_array    0x0040473c        0x4 c:/program files (x86)/atmel/atmel toolchain/arm gcc/native/4.8.1437/arm-gnu-toolchain/bin/../lib/gcc/arm-none-eabi/4.8.4/armv7e-m/crtbegin.o
                0x00404740                __init_array_end = .
                0x00404740                . = ALIGN (0x4)
 *crtbegin.o(.ctors)
 *(EXCLUDE_FILE(*crtend.o) .ctors)
 *(SORT(.ctors.*))
 *crtend.o(.ctors)
                0x00404740                . = ALIGN (0x4)
 *(.fini)
 .fini          0x00404740        0x4 c:/program files (x86)/atmel/atmel toolchain/arm gcc/native/4.8.1437/arm-gnu-toolchain/bin/../lib/gcc/arm-none-eabi/4.8.4/armv7e-m/crti.o
                0x00404740                _fini
 .fini          0x00404744        0x8 c:/program files (x86)/atmel/atmel toolchain/arm gcc/native/4.8.1437/arm-gnu-toolchain/bin/../lib/gcc/arm-none-eabi/4.8.4/armv7e-m/crtn.o
                0x0040474c                . = ALIGN (0x4)
                0x0040474c                __fini_array_start = .
 *(.fini_array)
 .fini_array    0x0040474c        0x4 c:/program files (x86)/atmel/atmel toolchain/arm gcc/native/4.8.1437/arm-gnu-toolchain/bin/../lib/gcc/arm-none-eabi/4.8.4/armv7e-m/crtbegin.o
 *(SORT(.fini_array.*))
                0x00404750                __fini_array_end = .
 *crtbegin.o(.dtors)
 *(EXCLUDE_FILE(*crtend.o) .dtors)
 *(SORT(.dtors.*))
 *crtend.o(.dtors)
                0x00404750                . = ALIGN (0x4)
                0x00404750                _efixed = .
                0x00404750                PROVIDE (__exidx_start, .)

.vfp11_veneer   0x00404750        0x0
 .vfp11_veneer  0x00000000        0x0 linker stubs

.v4_bx          0x00404750        0x0
 .v4_bx         0x00000000        0x0 linker stubs

.iplt           0x00404750        0x0
 .iplt          0x00000000        0x0 c:/program files (x86)/atmel/atmel toolchain/arm gcc/native/4.8.1437/arm-gnu-toolchain/bin/../lib/gcc/arm-none-eabi/4.8.4/armv7e-m/crtbegin.o

.eh_frame       0x00404750        0x0
 .eh_frame      0x00404750        0x0 c:/program files (x86)/atmel/atmel toolchain/arm gcc/native/4.8.1437/arm-gnu-toolchain/bin/../lib/gcc/arm-none-eabi/4.8.4/armv7e-m/crtbegin.o

.rel.dyn        0x00404750        0x0
 .rel.iplt      0x00000000        0x0 c:/program files (x86)/atmel/atmel toolchain/arm gcc/native/4.8.1437/arm-gnu-toolchain/bin/../lib/gcc/arm-none-eabi/4.8.4/armv7e-m/crtbegin.o

.jcr            0x00404750        0x0
 .jcr           0x00404750        0x0 c:/program files (x86)/atmel/atmel toolchain/arm gcc/native/4.8.1437/arm-gnu-toolchain/bin/../lib/gcc/arm-none-eabi/4.8.4/armv7e-m/crtbegin.o

.igot.plt       0x00404750        0x0
 .igot.plt      0x00000000        0x0 c:/program files (x86)/atmel/atmel toolchain/arm gcc/native/4.8.1437/arm-gnu-toolchain/bin/../lib/gcc/arm-none-eabi/4.8.4/armv7e-m/crtbegin.o

.ARM.exidx
 *(.ARM.exidx* .gnu.linkonce.armexidx.*)
                0x00404750                PROVIDE (__exidx_end, .)
                0x00404750                . = ALIGN (0x4)
                0x00404750                _etext = .

.relocate       0x20000000      0x438 load address 0x00404750
                0x20000000                . = ALIGN (0x4)
                0x20000000                _srelocate = .
 *(.ramfunc .ramfunc.*)
 *(.data .data.*)
 .data          0x20000000        0x4 cmsis/src/system_sam4e.o
                0x20000000                SystemCoreClock
 .data          0x20000004        0x4 sam4e_base/FreeRTOS/Source/portable/GCC/ARM_CM4F/port.o
 .data          0x20000008        0x4 sam4e_base/FreeRTOS/Source/tasks.o
 *fill*         0x2000000c        0x4 
 .data.impure_data
                0x20000010      0x428 c:/program files (x86)/atmel/atmel toolchain/arm gcc/native/4.8.1437/arm-gnu-toolchain/bin/../lib/gcc/arm-none-eabi/4.8.4/../../../../arm-none-eabi/lib/armv7e-m\libc.a(lib_a-impure.o)
                0x20000438                . = ALIGN (0x4)
                0x20000438                _erelocate = .

.bss            0x20000438     0xc060 load address 0x00404b88
                0x20000438                . = ALIGN (0x4)
                0x20000438                _sbss = .
                0x20000438                _szero = .
 *(.bss .bss.*)
 .bss           0x20000438       0x1c c:/program files (x86)/atmel/atmel toolchain/arm gcc/native/4.8.1437/arm-gnu-toolchain/bin/../lib/gcc/arm-none-eabi/4.8.4/armv7e-m/crtbegin.o
 .bss           0x20000454        0x8 sam4e-base.o
 .bss           0x2000045c        0x8 sam4e_base/FreeRTOS/RunTimeStatsTimer.o
 .bss           0x20000464       0x14 sam4e_base/FreeRTOS/Source/portable/GCC/ARM_CM4F/port.o
 .bss           0x20000478     0xbc18 sam4e_base/FreeRTOS/Source/portable/MemMang/heap_4.o
 .bss           0x2000c090      0x104 sam4e_base/FreeRTOS/Source/tasks.o
                0x2000c090                pxCurrentTCB
 .bss           0x2000c194       0x38 sam4e_base/FreeRTOS/Source/timers.o
 .bss           0x2000c1cc      0x280 sam4e_base/RevolveDrivers/pio.o
 .bss           0x2000c44c        0x4 sam4e_base/RevolveDrivers/spi.o
 *(COMMON)
 COMMON         0x2000c450       0x40 sam4e_base/FreeRTOS/Source/queue.o
                0x2000c450                xQueueRegistry
 COMMON         0x2000c490        0x8 sam4e_base/RevolveDrivers/spi.o
                0x2000c490                spi_handlerIsDoneSempahore
                0x2000c494                spi_mutex
                0x2000c498                . = ALIGN (0x4)
                0x2000c498                _ebss = .
                0x2000c498                _ezero = .

.stack          0x2000c498      0x400 load address 0x00410be8
                0x2000c498                . = ALIGN (0x8)
                0x2000c498                _sstack = .
                0x2000c898                . = (. + STACK_SIZE)
 *fill*         0x2000c498      0x400 
                0x2000c898                . = ALIGN (0x8)
                0x2000c898                _estack = .

.heap           0x2000c898      0x200 load address 0x00410fe8
                0x2000c898                . = ALIGN (0x8)
                0x2000c898                _sheap = .
                0x2000ca98                . = (. + HEAP_SIZE)
 *fill*         0x2000c898      0x200 
                0x2000ca98                . = ALIGN (0x8)
                0x2000ca98                _eheap = .
                0x2000ca98                . = ALIGN (0x4)
                0x2000ca98                _end = .
                0x2001ffff                _ram_end_ = ((ORIGIN (ram) + 0x20000) - 0x1)
OUTPUT(master_unit.elf elf32-littlearm)

.ARM.attributes
                0x00000000       0x2e
 .ARM.attributes
                0x00000000       0x1e c:/program files (x86)/atmel/atmel toolchain/arm gcc/native/4.8.1437/arm-gnu-toolchain/bin/../lib/gcc/arm-none-eabi/4.8.4/armv7e-m/crti.o
 .ARM.attributes
                0x0000001e       0x2e c:/program files (x86)/atmel/atmel toolchain/arm gcc/native/4.8.1437/arm-gnu-toolchain/bin/../lib/gcc/arm-none-eabi/4.8.4/armv7e-m/crtbegin.o
 .ARM.attributes
                0x0000004c       0x37 cmsis/src/startup_sam4e.o
 .ARM.attributes
                0x00000083       0x37 cmsis/src/system_sam4e.o
 .ARM.attributes
                0x000000ba       0x37 output_led.o
 .ARM.attributes
                0x000000f1       0x37 sam4e-base.o
 .ARM.attributes
                0x00000128       0x37 sam4e_base/FreeRTOS/RunTimeStatsTimer.o
 .ARM.attributes
                0x0000015f       0x37 sam4e_base/FreeRTOS/Source/list.o
 .ARM.attributes
                0x00000196       0x37 sam4e_base/FreeRTOS/Source/portable/GCC/ARM_CM4F/port.o
 .ARM.attributes
                0x000001cd       0x37 sam4e_base/FreeRTOS/Source/portable/MemMang/heap_4.o
 .ARM.attributes
                0x00000204       0x37 sam4e_base/FreeRTOS/Source/queue.o
 .ARM.attributes
                0x0000023b       0x37 sam4e_base/FreeRTOS/Source/tasks.o
 .ARM.attributes
                0x00000272       0x37 sam4e_base/FreeRTOS/Source/timers.o
 .ARM.attributes
                0x000002a9       0x37 sam4e_base/RevolveDrivers/can.o
 .ARM.attributes
                0x000002e0       0x37 sam4e_base/RevolveDrivers/eefc.o
 .ARM.attributes
                0x00000317       0x37 sam4e_base/RevolveDrivers/pio.o
 .ARM.attributes
                0x0000034e       0x37 sam4e_base/RevolveDrivers/pmc.o
 .ARM.attributes
                0x00000385       0x37 sam4e_base/RevolveDrivers/spi.o
 .ARM.attributes
                0x000003bc       0x2e c:/program files (x86)/atmel/atmel toolchain/arm gcc/native/4.8.1437/arm-gnu-toolchain/bin/../lib/gcc/arm-none-eabi/4.8.4/../../../../arm-none-eabi/lib/armv7e-m\libc.a(lib_a-impure.o)
 .ARM.attributes
                0x000003ea       0x2e c:/program files (x86)/atmel/atmel toolchain/arm gcc/native/4.8.1437/arm-gnu-toolchain/bin/../lib/gcc/arm-none-eabi/4.8.4/../../../../arm-none-eabi/lib/armv7e-m\libc.a(lib_a-init.o)
 .ARM.attributes
                0x00000418       0x2e c:/program files (x86)/atmel/atmel toolchain/arm gcc/native/4.8.1437/arm-gnu-toolchain/bin/../lib/gcc/arm-none-eabi/4.8.4/../../../../arm-none-eabi/lib/armv7e-m\libc.a(lib_a-memcmp.o)
 .ARM.attributes
                0x00000446       0x1c c:/program files (x86)/atmel/atmel toolchain/arm gcc/native/4.8.1437/arm-gnu-toolchain/bin/../lib/gcc/arm-none-eabi/4.8.4/../../../../arm-none-eabi/lib/armv7e-m\libc.a(lib_a-memcpy.o)
 .ARM.attributes
                0x00000462       0x2e c:/program files (x86)/atmel/atmel toolchain/arm gcc/native/4.8.1437/arm-gnu-toolchain/bin/../lib/gcc/arm-none-eabi/4.8.4/../../../../arm-none-eabi/lib/armv7e-m\libc.a(lib_a-memset.o)
 .ARM.attributes
                0x00000490       0x2e c:/program files (x86)/atmel/atmel toolchain/arm gcc/native/4.8.1437/arm-gnu-toolchain/bin/../lib/gcc/arm-none-eabi/4.8.4/../../../../arm-none-eabi/lib/armv7e-m\libc.a(lib_a-__call_atexit.o)
 .ARM.attributes
                0x000004be       0x2e c:/program files (x86)/atmel/atmel toolchain/arm gcc/native/4.8.1437/arm-gnu-toolchain/bin/../lib/gcc/arm-none-eabi/4.8.4/../../../../arm-none-eabi/lib/armv7e-m\libc.a(lib_a-atexit.o)
 .ARM.attributes
                0x000004ec       0x2e c:/program files (x86)/atmel/atmel toolchain/arm gcc/native/4.8.1437/arm-gnu-toolchain/bin/../lib/gcc/arm-none-eabi/4.8.4/../../../../arm-none-eabi/lib/armv7e-m\libc.a(lib_a-fini.o)
 .ARM.attributes
                0x0000051a       0x2e c:/program files (x86)/atmel/atmel toolchain/arm gcc/native/4.8.1437/arm-gnu-toolchain/bin/../lib/gcc/arm-none-eabi/4.8.4/../../../../arm-none-eabi/lib/armv7e-m\libc.a(lib_a-__atexit.o)
 .ARM.attributes
                0x00000548       0x1e c:/program files (x86)/atmel/atmel toolchain/arm gcc/native/4.8.1437/arm-gnu-toolchain/bin/../lib/gcc/arm-none-eabi/4.8.4/armv7e-m/crtn.o

.comment        0x00000000       0x5b
 .comment       0x00000000       0x5b cmsis/src/startup_sam4e.o
                                 0x5c (size before relaxing)
 .comment       0x00000000       0x5c cmsis/src/system_sam4e.o
 .comment       0x00000000       0x5c output_led.o
 .comment       0x00000000       0x5c sam4e-base.o
 .comment       0x00000000       0x5c sam4e_base/FreeRTOS/RunTimeStatsTimer.o
 .comment       0x00000000       0x5c sam4e_base/FreeRTOS/Source/list.o
 .comment       0x00000000       0x5c sam4e_base/FreeRTOS/Source/portable/GCC/ARM_CM4F/port.o
 .comment       0x00000000       0x5c sam4e_base/FreeRTOS/Source/portable/MemMang/heap_4.o
 .comment       0x00000000       0x5c sam4e_base/FreeRTOS/Source/queue.o
 .comment       0x00000000       0x5c sam4e_base/FreeRTOS/Source/tasks.o
 .comment       0x00000000       0x5c sam4e_base/FreeRTOS/Source/timers.o
 .comment       0x00000000       0x5c sam4e_base/RevolveDrivers/can.o
 .comment       0x00000000       0x5c sam4e_base/RevolveDrivers/eefc.o
 .comment       0x00000000       0x5c sam4e_base/RevolveDrivers/pio.o
 .comment       0x00000000       0x5c sam4e_base/RevolveDrivers/pmc.o
 .comment       0x00000000       0x5c sam4e_base/RevolveDrivers/spi.o

.debug_info     0x00000000     0xa01d
 .debug_info    0x00000000      0x6f1 cmsis/src/startup_sam4e.o
 .debug_info    0x000006f1      0x4af cmsis/src/system_sam4e.o
 .debug_info    0x00000ba0      0x6cc output_led.o
 .debug_info    0x0000126c      0xd54 sam4e-base.o
 .debug_info    0x00001fc0       0xfc sam4e_base/FreeRTOS/RunTimeStatsTimer.o
 .debug_info    0x000020bc      0x2d4 sam4e_base/FreeRTOS/Source/list.o
 .debug_info    0x00002390      0x51f sam4e_base/FreeRTOS/Source/portable/GCC/ARM_CM4F/port.o
 .debug_info    0x000028af      0x327 sam4e_base/FreeRTOS/Source/portable/MemMang/heap_4.o
 .debug_info    0x00002bd6     0x1074 sam4e_base/FreeRTOS/Source/queue.o
 .debug_info    0x00003c4a     0x1b32 sam4e_base/FreeRTOS/Source/tasks.o
 .debug_info    0x0000577c      0x9f4 sam4e_base/FreeRTOS/Source/timers.o
 .debug_info    0x00006170     0x138e sam4e_base/RevolveDrivers/can.o
 .debug_info    0x000074fe      0x126 sam4e_base/RevolveDrivers/eefc.o
 .debug_info    0x00007624      0xfa5 sam4e_base/RevolveDrivers/pio.o
 .debug_info    0x000085c9      0x987 sam4e_base/RevolveDrivers/pmc.o
 .debug_info    0x00008f50     0x10cd sam4e_base/RevolveDrivers/spi.o

.debug_abbrev   0x00000000     0x1960
 .debug_abbrev  0x00000000      0x136 cmsis/src/startup_sam4e.o
 .debug_abbrev  0x00000136       0xf5 cmsis/src/system_sam4e.o
 .debug_abbrev  0x0000022b       0xff output_led.o
 .debug_abbrev  0x0000032a      0x1f8 sam4e-base.o
 .debug_abbrev  0x00000522       0x90 sam4e_base/FreeRTOS/RunTimeStatsTimer.o
 .debug_abbrev  0x000005b2       0xc3 sam4e_base/FreeRTOS/Source/list.o
 .debug_abbrev  0x00000675      0x20e sam4e_base/FreeRTOS/Source/portable/GCC/ARM_CM4F/port.o
 .debug_abbrev  0x00000883      0x15d sam4e_base/FreeRTOS/Source/portable/MemMang/heap_4.o
 .debug_abbrev  0x000009e0      0x20d sam4e_base/FreeRTOS/Source/queue.o
 .debug_abbrev  0x00000bed      0x283 sam4e_base/FreeRTOS/Source/tasks.o
 .debug_abbrev  0x00000e70      0x196 sam4e_base/FreeRTOS/Source/timers.o
 .debug_abbrev  0x00001006      0x29d sam4e_base/RevolveDrivers/can.o
 .debug_abbrev  0x000012a3       0x9c sam4e_base/RevolveDrivers/eefc.o
 .debug_abbrev  0x0000133f      0x24e sam4e_base/RevolveDrivers/pio.o
 .debug_abbrev  0x0000158d      0x1bc sam4e_base/RevolveDrivers/pmc.o
 .debug_abbrev  0x00001749      0x217 sam4e_base/RevolveDrivers/spi.o

.debug_loc      0x00000000     0x32f5
 .debug_loc     0x00000000       0x64 cmsis/src/startup_sam4e.o
 .debug_loc     0x00000064       0x90 cmsis/src/system_sam4e.o
 .debug_loc     0x000000f4       0x9c output_led.o
 .debug_loc     0x00000190      0x218 sam4e-base.o
 .debug_loc     0x000003a8       0x64 sam4e_base/FreeRTOS/RunTimeStatsTimer.o
 .debug_loc     0x0000040c      0x118 sam4e_base/FreeRTOS/Source/list.o
 .debug_loc     0x00000524      0x218 sam4e_base/FreeRTOS/Source/portable/GCC/ARM_CM4F/port.o
 .debug_loc     0x0000073c      0x164 sam4e_base/FreeRTOS/Source/portable/MemMang/heap_4.o
 .debug_loc     0x000008a0      0x7a8 sam4e_base/FreeRTOS/Source/queue.o
 .debug_loc     0x00001048      0xcb8 sam4e_base/FreeRTOS/Source/tasks.o
 .debug_loc     0x00001d00      0x3ad sam4e_base/FreeRTOS/Source/timers.o
 .debug_loc     0x000020ad      0x4a4 sam4e_base/RevolveDrivers/can.o
 .debug_loc     0x00002551       0x2c sam4e_base/RevolveDrivers/eefc.o
 .debug_loc     0x0000257d      0x56c sam4e_base/RevolveDrivers/pio.o
 .debug_loc     0x00002ae9      0x56c sam4e_base/RevolveDrivers/pmc.o
 .debug_loc     0x00003055      0x2a0 sam4e_base/RevolveDrivers/spi.o

.debug_aranges  0x00000000      0x920
 .debug_aranges
                0x00000000       0x28 cmsis/src/startup_sam4e.o
 .debug_aranges
                0x00000028       0x30 cmsis/src/system_sam4e.o
 .debug_aranges
                0x00000058       0x30 output_led.o
 .debug_aranges
                0x00000088       0x68 sam4e-base.o
 .debug_aranges
                0x000000f0       0x28 sam4e_base/FreeRTOS/RunTimeStatsTimer.o
 .debug_aranges
                0x00000118       0x40 sam4e_base/FreeRTOS/Source/list.o
 .debug_aranges
                0x00000158       0x88 sam4e_base/FreeRTOS/Source/portable/GCC/ARM_CM4F/port.o
 .debug_aranges
                0x000001e0       0x50 sam4e_base/FreeRTOS/Source/portable/MemMang/heap_4.o
 .debug_aranges
                0x00000230      0x130 sam4e_base/FreeRTOS/Source/queue.o
 .debug_aranges
                0x00000360      0x1f0 sam4e_base/FreeRTOS/Source/tasks.o
 .debug_aranges
                0x00000550       0xa0 sam4e_base/FreeRTOS/Source/timers.o
 .debug_aranges
                0x000005f0       0xc0 sam4e_base/RevolveDrivers/can.o
 .debug_aranges
                0x000006b0       0x20 sam4e_base/RevolveDrivers/eefc.o
 .debug_aranges
                0x000006d0       0xe0 sam4e_base/RevolveDrivers/pio.o
 .debug_aranges
                0x000007b0       0xf8 sam4e_base/RevolveDrivers/pmc.o
 .debug_aranges
                0x000008a8       0x78 sam4e_base/RevolveDrivers/spi.o

.debug_ranges   0x00000000      0x820
 .debug_ranges  0x00000000       0x18 cmsis/src/startup_sam4e.o
 .debug_ranges  0x00000018       0x20 cmsis/src/system_sam4e.o
 .debug_ranges  0x00000038       0x20 output_led.o
 .debug_ranges  0x00000058       0x58 sam4e-base.o
 .debug_ranges  0x000000b0       0x18 sam4e_base/FreeRTOS/RunTimeStatsTimer.o
 .debug_ranges  0x000000c8       0x30 sam4e_base/FreeRTOS/Source/list.o
 .debug_ranges  0x000000f8       0x78 sam4e_base/FreeRTOS/Source/portable/GCC/ARM_CM4F/port.o
 .debug_ranges  0x00000170       0x40 sam4e_base/FreeRTOS/Source/portable/MemMang/heap_4.o
 .debug_ranges  0x000001b0      0x120 sam4e_base/FreeRTOS/Source/queue.o
 .debug_ranges  0x000002d0      0x1e0 sam4e_base/FreeRTOS/Source/tasks.o
 .debug_ranges  0x000004b0       0x90 sam4e_base/FreeRTOS/Source/timers.o
 .debug_ranges  0x00000540       0xb0 sam4e_base/RevolveDrivers/can.o
 .debug_ranges  0x000005f0       0x10 sam4e_base/RevolveDrivers/eefc.o
 .debug_ranges  0x00000600       0xd0 sam4e_base/RevolveDrivers/pio.o
 .debug_ranges  0x000006d0       0xe8 sam4e_base/RevolveDrivers/pmc.o
 .debug_ranges  0x000007b8       0x68 sam4e_base/RevolveDrivers/spi.o

.debug_macro    0x00000000    0x12c05
 .debug_macro   0x00000000      0x364 cmsis/src/startup_sam4e.o
 .debug_macro   0x00000364      0x868 cmsis/src/startup_sam4e.o
 .debug_macro   0x00000bcc       0x16 cmsis/src/startup_sam4e.o
 .debug_macro   0x00000be2       0x44 cmsis/src/startup_sam4e.o
 .debug_macro   0x00000c26      0x209 cmsis/src/startup_sam4e.o
 .debug_macro   0x00000e2f       0x27 cmsis/src/startup_sam4e.o
 .debug_macro   0x00000e56       0x3b cmsis/src/startup_sam4e.o
 .debug_macro   0x00000e91       0x2d cmsis/src/startup_sam4e.o
 .debug_macro   0x00000ebe       0x42 cmsis/src/startup_sam4e.o
 .debug_macro   0x00000f00      0xd39 cmsis/src/startup_sam4e.o
 .debug_macro   0x00001c39      0x154 cmsis/src/startup_sam4e.o
 .debug_macro   0x00001d8d      0x18b cmsis/src/startup_sam4e.o
 .debug_macro   0x00001f18      0xbeb cmsis/src/startup_sam4e.o
 .debug_macro   0x00002b03      0x531 cmsis/src/startup_sam4e.o
 .debug_macro   0x00003034      0x196 cmsis/src/startup_sam4e.o
 .debug_macro   0x000031ca      0x11e cmsis/src/startup_sam4e.o
 .debug_macro   0x000032e8      0x407 cmsis/src/startup_sam4e.o
 .debug_macro   0x000036ef      0x53c cmsis/src/startup_sam4e.o
 .debug_macro   0x00003c2b      0x106 cmsis/src/startup_sam4e.o
 .debug_macro   0x00003d31      0xa74 cmsis/src/startup_sam4e.o
 .debug_macro   0x000047a5       0x1c cmsis/src/startup_sam4e.o
 .debug_macro   0x000047c1      0x732 cmsis/src/startup_sam4e.o
 .debug_macro   0x00004ef3      0x449 cmsis/src/startup_sam4e.o
 .debug_macro   0x0000533c       0xbe cmsis/src/startup_sam4e.o
 .debug_macro   0x000053fa     0x28ac cmsis/src/startup_sam4e.o
 .debug_macro   0x00007ca6      0x82f cmsis/src/startup_sam4e.o
 .debug_macro   0x000084d5      0xad6 cmsis/src/startup_sam4e.o
 .debug_macro   0x00008fab       0x9a cmsis/src/startup_sam4e.o
 .debug_macro   0x00009045       0x76 cmsis/src/startup_sam4e.o
 .debug_macro   0x000090bb      0x3cb cmsis/src/startup_sam4e.o
 .debug_macro   0x00009486       0x64 cmsis/src/startup_sam4e.o
 .debug_macro   0x000094ea      0x1a2 cmsis/src/startup_sam4e.o
 .debug_macro   0x0000968c      0x378 cmsis/src/startup_sam4e.o
 .debug_macro   0x00009a04      0x6f8 cmsis/src/startup_sam4e.o
 .debug_macro   0x0000a0fc      0x6e8 cmsis/src/startup_sam4e.o
 .debug_macro   0x0000a7e4      0x373 cmsis/src/startup_sam4e.o
 .debug_macro   0x0000ab57      0x29c cmsis/src/startup_sam4e.o
 .debug_macro   0x0000adf3      0x2c8 cmsis/src/startup_sam4e.o
 .debug_macro   0x0000b0bb      0x6ad cmsis/src/startup_sam4e.o
 .debug_macro   0x0000b768       0x76 cmsis/src/startup_sam4e.o
 .debug_macro   0x0000b7de      0x2e2 cmsis/src/startup_sam4e.o
 .debug_macro   0x0000bac0       0x46 cmsis/src/startup_sam4e.o
 .debug_macro   0x0000bb06      0x216 cmsis/src/startup_sam4e.o
 .debug_macro   0x0000bd1c      0x216 cmsis/src/startup_sam4e.o
 .debug_macro   0x0000bf32      0x286 cmsis/src/startup_sam4e.o
 .debug_macro   0x0000c1b8       0x88 cmsis/src/startup_sam4e.o
 .debug_macro   0x0000c240       0x82 cmsis/src/startup_sam4e.o
 .debug_macro   0x0000c2c2       0xb8 cmsis/src/startup_sam4e.o
 .debug_macro   0x0000c37a       0x52 cmsis/src/startup_sam4e.o
 .debug_macro   0x0000c3cc       0x88 cmsis/src/startup_sam4e.o
 .debug_macro   0x0000c454      0x1b6 cmsis/src/startup_sam4e.o
 .debug_macro   0x0000c60a      0x1b6 cmsis/src/startup_sam4e.o
 .debug_macro   0x0000c7c0      0x126 cmsis/src/startup_sam4e.o
 .debug_macro   0x0000c8e6       0xac cmsis/src/startup_sam4e.o
 .debug_macro   0x0000c992       0xac cmsis/src/startup_sam4e.o
 .debug_macro   0x0000ca3e       0x94 cmsis/src/startup_sam4e.o
 .debug_macro   0x0000cad2       0x94 cmsis/src/startup_sam4e.o
 .debug_macro   0x0000cb66       0xdc cmsis/src/startup_sam4e.o
 .debug_macro   0x0000cc42       0xdc cmsis/src/startup_sam4e.o
 .debug_macro   0x0000cd1e       0x7c cmsis/src/startup_sam4e.o
 .debug_macro   0x0000cd9a       0x40 cmsis/src/startup_sam4e.o
 .debug_macro   0x0000cdda       0xee cmsis/src/startup_sam4e.o
 .debug_macro   0x0000cec8       0x46 cmsis/src/startup_sam4e.o
 .debug_macro   0x0000cf0e       0x58 cmsis/src/startup_sam4e.o
 .debug_macro   0x0000cf66       0xa6 cmsis/src/startup_sam4e.o
 .debug_macro   0x0000d00c       0x82 cmsis/src/startup_sam4e.o
 .debug_macro   0x0000d08e       0x16 cmsis/src/startup_sam4e.o
 .debug_macro   0x0000d0a4       0x22 cmsis/src/startup_sam4e.o
 .debug_macro   0x0000d0c6      0x18e cmsis/src/startup_sam4e.o
 .debug_macro   0x0000d254      0x15e cmsis/src/startup_sam4e.o
 .debug_macro   0x0000d3b2      0x15e cmsis/src/startup_sam4e.o
 .debug_macro   0x0000d510      0x15e cmsis/src/startup_sam4e.o
 .debug_macro   0x0000d66e      0x15e cmsis/src/startup_sam4e.o
 .debug_macro   0x0000d7cc       0x1c cmsis/src/startup_sam4e.o
 .debug_macro   0x0000d7e8       0x2e cmsis/src/startup_sam4e.o
 .debug_macro   0x0000d816       0x22 cmsis/src/startup_sam4e.o
 .debug_macro   0x0000d838       0x1c cmsis/src/startup_sam4e.o
 .debug_macro   0x0000d854       0x52 cmsis/src/startup_sam4e.o
 .debug_macro   0x0000d8a6       0x10 cmsis/src/startup_sam4e.o
 .debug_macro   0x0000d8b6       0x1c cmsis/src/startup_sam4e.o
 .debug_macro   0x0000d8d2      0x2b2 cmsis/src/startup_sam4e.o
 .debug_macro   0x0000db84      0xc7e cmsis/src/startup_sam4e.o
 .debug_macro   0x0000e802      0x10e cmsis/src/startup_sam4e.o
 .debug_macro   0x0000e910      0x376 cmsis/src/system_sam4e.o
 .debug_macro   0x0000ec86      0x39b output_led.o
 .debug_macro   0x0000f021      0x51e output_led.o
 .debug_macro   0x0000f53f       0x22 output_led.o
 .debug_macro   0x0000f561       0x34 output_led.o
 .debug_macro   0x0000f595      0x479 sam4e-base.o
 .debug_macro   0x0000fa0e      0x166 sam4e-base.o
 .debug_macro   0x0000fb74      0x14e sam4e-base.o
 .debug_macro   0x0000fcc2       0x52 sam4e-base.o
 .debug_macro   0x0000fd14       0xdd sam4e-base.o
 .debug_macro   0x0000fdf1       0x10 sam4e-base.o
 .debug_macro   0x0000fe01       0x1f sam4e-base.o
 .debug_macro   0x0000fe20      0x353 sam4e-base.o
 .debug_macro   0x00010173       0xc0 sam4e-base.o
 .debug_macro   0x00010233       0x70 sam4e-base.o
 .debug_macro   0x000102a3       0xb0 sam4e-base.o
 .debug_macro   0x00010353       0x1c sam4e-base.o
 .debug_macro   0x0001036f       0x40 sam4e-base.o
 .debug_macro   0x000103af       0x7f sam4e-base.o
 .debug_macro   0x0001042e      0x371 sam4e-base.o
 .debug_macro   0x0001079f       0xd3 sam4e_base/FreeRTOS/RunTimeStatsTimer.o
 .debug_macro   0x00010872      0x14e sam4e_base/FreeRTOS/RunTimeStatsTimer.o
 .debug_macro   0x000109c0      0x13b sam4e_base/FreeRTOS/Source/list.o
 .debug_macro   0x00010afb      0x160 sam4e_base/FreeRTOS/Source/portable/GCC/ARM_CM4F/port.o
 .debug_macro   0x00010c5b      0x162 sam4e_base/FreeRTOS/Source/portable/MemMang/heap_4.o
 .debug_macro   0x00010dbd      0x1cb sam4e_base/FreeRTOS/Source/queue.o
 .debug_macro   0x00010f88      0x2a6 sam4e_base/FreeRTOS/Source/queue.o
 .debug_macro   0x0001122e       0x10 sam4e_base/FreeRTOS/Source/queue.o
 .debug_macro   0x0001123e       0x35 sam4e_base/FreeRTOS/Source/queue.o
 .debug_macro   0x00011273       0x1f sam4e_base/FreeRTOS/Source/queue.o
 .debug_macro   0x00011292      0x251 sam4e_base/FreeRTOS/Source/tasks.o
 .debug_macro   0x000114e3       0x17 sam4e_base/FreeRTOS/Source/tasks.o
 .debug_macro   0x000114fa       0x1c sam4e_base/FreeRTOS/Source/tasks.o
 .debug_macro   0x00011516       0x10 sam4e_base/FreeRTOS/Source/tasks.o
 .debug_macro   0x00011526       0x10 sam4e_base/FreeRTOS/Source/tasks.o
 .debug_macro   0x00011536       0x22 sam4e_base/FreeRTOS/Source/tasks.o
 .debug_macro   0x00011558       0xbd sam4e_base/FreeRTOS/Source/tasks.o
 .debug_macro   0x00011615       0x16 sam4e_base/FreeRTOS/Source/tasks.o
 .debug_macro   0x0001162b      0x16c sam4e_base/FreeRTOS/Source/tasks.o
 .debug_macro   0x00011797      0x178 sam4e_base/FreeRTOS/Source/timers.o
 .debug_macro   0x0001190f      0x3ec sam4e_base/RevolveDrivers/can.o
 .debug_macro   0x00011cfb       0x3a sam4e_base/RevolveDrivers/can.o
 .debug_macro   0x00011d35      0x37f sam4e_base/RevolveDrivers/eefc.o
 .debug_macro   0x000120b4      0x3a1 sam4e_base/RevolveDrivers/pio.o
 .debug_macro   0x00012455      0x38e sam4e_base/RevolveDrivers/pmc.o
 .debug_macro   0x000127e3       0x16 sam4e_base/RevolveDrivers/pmc.o
 .debug_macro   0x000127f9      0x40c sam4e_base/RevolveDrivers/spi.o

.debug_line     0x00000000     0x8a60
 .debug_line    0x00000000      0x7d9 cmsis/src/startup_sam4e.o
 .debug_line    0x000007d9      0x848 cmsis/src/system_sam4e.o
 .debug_line    0x00001021      0x87f output_led.o
 .debug_line    0x000018a0      0xb17 sam4e-base.o
 .debug_line    0x000023b7      0x37c sam4e_base/FreeRTOS/RunTimeStatsTimer.o
 .debug_line    0x00002733      0x457 sam4e_base/FreeRTOS/Source/list.o
 .debug_line    0x00002b8a      0x571 sam4e_base/FreeRTOS/Source/portable/GCC/ARM_CM4F/port.o
 .debug_line    0x000030fb      0x53e sam4e_base/FreeRTOS/Source/portable/MemMang/heap_4.o
 .debug_line    0x00003639      0xb59 sam4e_base/FreeRTOS/Source/queue.o
 .debug_line    0x00004192      0xfe2 sam4e_base/FreeRTOS/Source/tasks.o
 .debug_line    0x00005174      0x63c sam4e_base/FreeRTOS/Source/timers.o
 .debug_line    0x000057b0      0xa8b sam4e_base/RevolveDrivers/can.o
 .debug_line    0x0000623b      0x825 sam4e_base/RevolveDrivers/eefc.o
 .debug_line    0x00006a60      0xabb sam4e_base/RevolveDrivers/pio.o
 .debug_line    0x0000751b      0xa80 sam4e_base/RevolveDrivers/pmc.o
 .debug_line    0x00007f9b      0xac5 sam4e_base/RevolveDrivers/spi.o

.debug_str      0x00000000    0x59971
 .debug_str     0x00000000    0x496a8 cmsis/src/startup_sam4e.o
                              0x499ad (size before relaxing)
 .debug_str     0x000496a8      0x2e4 cmsis/src/system_sam4e.o
                              0x4978d (size before relaxing)
 .debug_str     0x0004998c     0x35b8 output_led.o
                              0x4cace (size before relaxing)
 .debug_str     0x0004cf44     0x548b sam4e-base.o
                              0x51fff (size before relaxing)
 .debug_str     0x000523cf      0x24b sam4e_base/FreeRTOS/RunTimeStatsTimer.o
                               0x56f5 (size before relaxing)
 .debug_str     0x0005261a     0x14da sam4e_base/FreeRTOS/Source/list.o
                               0x7164 (size before relaxing)
 .debug_str     0x00053af4      0x8d9 sam4e_base/FreeRTOS/Source/portable/GCC/ARM_CM4F/port.o
                               0x69b8 (size before relaxing)
 .debug_str     0x000543cd      0x295 sam4e_base/FreeRTOS/Source/portable/MemMang/heap_4.o
                               0x76b2 (size before relaxing)
 .debug_str     0x00054662     0x173d sam4e_base/FreeRTOS/Source/queue.o
                               0x9764 (size before relaxing)
 .debug_str     0x00055d9f     0x27f6 sam4e_base/FreeRTOS/Source/tasks.o
                               0xae7d (size before relaxing)
 .debug_str     0x00058595      0x469 sam4e_base/FreeRTOS/Source/timers.o
                               0x8bef (size before relaxing)
 .debug_str     0x000589fe      0x5f2 sam4e_base/RevolveDrivers/can.o
                              0x4d22c (size before relaxing)
 .debug_str     0x00058ff0       0x40 sam4e_base/RevolveDrivers/eefc.o
                              0x4c68b (size before relaxing)
 .debug_str     0x00059030      0x2ee sam4e_base/RevolveDrivers/pio.o
                              0x4cf9f (size before relaxing)
 .debug_str     0x0005931e      0x2ef sam4e_base/RevolveDrivers/pmc.o
                              0x4cdd8 (size before relaxing)
 .debug_str     0x0005960d      0x364 sam4e_base/RevolveDrivers/spi.o
                              0x5080d (size before relaxing)

.debug_frame    0x00000000     0x1eac
 .debug_frame   0x00000000       0x48 cmsis/src/startup_sam4e.o
 .debug_frame   0x00000048       0x5c cmsis/src/system_sam4e.o
 .debug_frame   0x000000a4       0x6c output_led.o
 .debug_frame   0x00000110      0x140 sam4e-base.o
 .debug_frame   0x00000250       0x44 sam4e_base/FreeRTOS/RunTimeStatsTimer.o
 .debug_frame   0x00000294       0x9c sam4e_base/FreeRTOS/Source/list.o
 .debug_frame   0x00000330      0x180 sam4e_base/FreeRTOS/Source/portable/GCC/ARM_CM4F/port.o
 .debug_frame   0x000004b0       0xd0 sam4e_base/FreeRTOS/Source/portable/MemMang/heap_4.o
 .debug_frame   0x00000580      0x45c sam4e_base/FreeRTOS/Source/queue.o
 .debug_frame   0x000009dc      0x728 sam4e_base/FreeRTOS/Source/tasks.o
 .debug_frame   0x00001104      0x220 sam4e_base/FreeRTOS/Source/timers.o
 .debug_frame   0x00001324      0x294 sam4e_base/RevolveDrivers/can.o
 .debug_frame   0x000015b8       0x28 sam4e_base/RevolveDrivers/eefc.o
 .debug_frame   0x000015e0      0x308 sam4e_base/RevolveDrivers/pio.o
 .debug_frame   0x000018e8      0x304 sam4e_base/RevolveDrivers/pmc.o
 .debug_frame   0x00001bec      0x178 sam4e_base/RevolveDrivers/spi.o
 .debug_frame   0x00001d64       0x2c c:/program files (x86)/atmel/atmel toolchain/arm gcc/native/4.8.1437/arm-gnu-toolchain/bin/../lib/gcc/arm-none-eabi/4.8.4/../../../../arm-none-eabi/lib/armv7e-m\libc.a(lib_a-init.o)
 .debug_frame   0x00001d90       0x2c c:/program files (x86)/atmel/atmel toolchain/arm gcc/native/4.8.1437/arm-gnu-toolchain/bin/../lib/gcc/arm-none-eabi/4.8.4/../../../../arm-none-eabi/lib/armv7e-m\libc.a(lib_a-memcmp.o)
 .debug_frame   0x00001dbc       0x2c c:/program files (x86)/atmel/atmel toolchain/arm gcc/native/4.8.1437/arm-gnu-toolchain/bin/../lib/gcc/arm-none-eabi/4.8.4/../../../../arm-none-eabi/lib/armv7e-m\libc.a(lib_a-memset.o)
 .debug_frame   0x00001de8       0x48 c:/program files (x86)/atmel/atmel toolchain/arm gcc/native/4.8.1437/arm-gnu-toolchain/bin/../lib/gcc/arm-none-eabi/4.8.4/../../../../arm-none-eabi/lib/armv7e-m\libc.a(lib_a-__call_atexit.o)
 .debug_frame   0x00001e30       0x20 c:/program files (x86)/atmel/atmel toolchain/arm gcc/native/4.8.1437/arm-gnu-toolchain/bin/../lib/gcc/arm-none-eabi/4.8.4/../../../../arm-none-eabi/lib/armv7e-m\libc.a(lib_a-atexit.o)
 .debug_frame   0x00001e50       0x2c c:/program files (x86)/atmel/atmel toolchain/arm gcc/native/4.8.1437/arm-gnu-toolchain/bin/../lib/gcc/arm-none-eabi/4.8.4/../../../../arm-none-eabi/lib/armv7e-m\libc.a(lib_a-fini.o)
 .debug_frame   0x00001e7c       0x30 c:/program files (x86)/atmel/atmel toolchain/arm gcc/native/4.8.1437/arm-gnu-toolchain/bin/../lib/gcc/arm-none-eabi/4.8.4/../../../../arm-none-eabi/lib/armv7e-m\libc.a(lib_a-__atexit.o)
